------------------------------------------------------------
TimeQuest Timing Analyzer Summary
------------------------------------------------------------

Type  : Slow Model Setup 'CLOCK_50'
Slack : -2.834
TNS   : -63.323

Type  : Slow Model Setup 'fdiv100khz:inst17|clkout'
Slack : -2.820
TNS   : -77.243

Type  : Slow Model Setup 'fdiv100kto1:inst35|clkout'
Slack : -0.114
TNS   : -0.856

Type  : Slow Model Hold 'fdiv100khz:inst17|clkout'
Slack : -3.401
TNS   : -3.401

Type  : Slow Model Hold 'CLOCK_50'
Slack : -2.522
TNS   : -2.522

Type  : Slow Model Hold 'fdiv100kto1:inst35|clkout'
Slack : 0.671
TNS   : 0.000

Type  : Slow Model Minimum Pulse Width 'CLOCK_50'
Slack : -1.380
TNS   : -34.380

Type  : Slow Model Minimum Pulse Width 'fdiv100khz:inst17|clkout'
Slack : -0.500
TNS   : -49.000

Type  : Slow Model Minimum Pulse Width 'fdiv100kto1:inst35|clkout'
Slack : -0.500
TNS   : -16.000

Type  : Fast Model Setup 'CLOCK_50'
Slack : -0.856
TNS   : -12.862

Type  : Fast Model Setup 'fdiv100khz:inst17|clkout'
Slack : -0.838
TNS   : -16.354

Type  : Fast Model Setup 'fdiv100kto1:inst35|clkout'
Slack : 0.450
TNS   : 0.000

Type  : Fast Model Hold 'fdiv100khz:inst17|clkout'
Slack : -1.949
TNS   : -1.949

Type  : Fast Model Hold 'CLOCK_50'
Slack : -1.565
TNS   : -1.565

Type  : Fast Model Hold 'fdiv100kto1:inst35|clkout'
Slack : 0.329
TNS   : 0.000

Type  : Fast Model Minimum Pulse Width 'CLOCK_50'
Slack : -1.380
TNS   : -34.380

Type  : Fast Model Minimum Pulse Width 'fdiv100khz:inst17|clkout'
Slack : -0.500
TNS   : -49.000

Type  : Fast Model Minimum Pulse Width 'fdiv100kto1:inst35|clkout'
Slack : -0.500
TNS   : -16.000

------------------------------------------------------------
