------------------------------------------------------------
TimeQuest Timing Analyzer Summary
------------------------------------------------------------

Type  : Slow Model Setup 'CLOCK_50'
Slack : -4.605
TNS   : -705.391

Type  : Slow Model Setup 'SW[0]'
Slack : -1.770
TNS   : -34.802

Type  : Slow Model Setup 'ControleMatriz:inst|fdiv100khz:inst36|clkout'
Slack : -0.806
TNS   : -1.438

Type  : Slow Model Setup 'ControleMatriz:inst|Reg8:inst51|Q[1]'
Slack : -0.034
TNS   : -0.034

Type  : Slow Model Hold 'CLOCK_50'
Slack : -2.546
TNS   : -2.546

Type  : Slow Model Hold 'ControleMatriz:inst|Reg8:inst51|Q[1]'
Slack : 0.391
TNS   : 0.000

Type  : Slow Model Hold 'SW[0]'
Slack : 0.391
TNS   : 0.000

Type  : Slow Model Hold 'ControleMatriz:inst|fdiv100khz:inst36|clkout'
Slack : 0.537
TNS   : 0.000

Type  : Slow Model Recovery 'SW[0]'
Slack : -2.546
TNS   : -124.547

Type  : Slow Model Removal 'SW[0]'
Slack : -2.650
TNS   : -125.285

Type  : Slow Model Minimum Pulse Width 'CLOCK_50'
Slack : -1.380
TNS   : -298.380

Type  : Slow Model Minimum Pulse Width 'SW[0]'
Slack : -1.380
TNS   : -77.380

Type  : Slow Model Minimum Pulse Width 'ControleMatriz:inst|fdiv100khz:inst36|clkout'
Slack : -0.500
TNS   : -8.000

Type  : Slow Model Minimum Pulse Width 'ControleMatriz:inst|Reg8:inst51|Q[1]'
Slack : -0.500
TNS   : -3.000

Type  : Fast Model Setup 'CLOCK_50'
Slack : -1.850
TNS   : -179.030

Type  : Fast Model Setup 'SW[0]'
Slack : -0.429
TNS   : -3.938

Type  : Fast Model Setup 'ControleMatriz:inst|fdiv100khz:inst36|clkout'
Slack : 0.193
TNS   : 0.000

Type  : Fast Model Setup 'ControleMatriz:inst|Reg8:inst51|Q[1]'
Slack : 0.520
TNS   : 0.000

Type  : Fast Model Hold 'CLOCK_50'
Slack : -1.587
TNS   : -1.587

Type  : Fast Model Hold 'ControleMatriz:inst|Reg8:inst51|Q[1]'
Slack : 0.215
TNS   : 0.000

Type  : Fast Model Hold 'SW[0]'
Slack : 0.215
TNS   : 0.000

Type  : Fast Model Hold 'ControleMatriz:inst|fdiv100khz:inst36|clkout'
Slack : 0.248
TNS   : 0.000

Type  : Fast Model Recovery 'SW[0]'
Slack : -0.679
TNS   : -9.557

Type  : Fast Model Removal 'SW[0]'
Slack : -1.611
TNS   : -83.145

Type  : Fast Model Minimum Pulse Width 'CLOCK_50'
Slack : -1.380
TNS   : -298.380

Type  : Fast Model Minimum Pulse Width 'SW[0]'
Slack : -1.380
TNS   : -77.380

Type  : Fast Model Minimum Pulse Width 'ControleMatriz:inst|fdiv100khz:inst36|clkout'
Slack : -0.500
TNS   : -8.000

Type  : Fast Model Minimum Pulse Width 'ControleMatriz:inst|Reg8:inst51|Q[1]'
Slack : -0.500
TNS   : -3.000

------------------------------------------------------------
